[17:15:58] [ServerMain/INFO]: [bootstrap] Running Java 21 (OpenJDK 64-Bit Server VM 21.0.11+10-LTS; Eclipse Adoptium Temurin-21.0.11+10) on Linux 7.0.9-ogc3.2.fc44.x86_64 (amd64)
[17:15:58] [ServerMain/INFO]: [bootstrap] Loading Paper 1.21.11-132-ver/1.21.11@c5eb079 (2026-05-11T11:43:09Z) for Minecraft 1.21.11
[17:15:58] [ServerMain/INFO]: [PluginInitializerManager] Initializing plugins...
[17:15:59] [ServerMain/INFO]: [PluginInitializerManager] Initialized 1 plugin
[17:15:59] [ServerMain/INFO]: [PluginInitializerManager] Bukkit plugins (1):
 - ObscureRTPQ (1.21.11)
[17:16:06] [ServerMain/INFO]: Environment: Environment[sessionHost=https://sessionserver.mojang.com, servicesHost=https://api.minecraftservices.com, profilesHost=https://api.mojang.com, name=PROD]
[17:16:08] [ServerMain/INFO]: Loaded 1470 recipes
[17:16:08] [ServerMain/INFO]: Loaded 1584 advancements
[17:16:08] [ServerMain/INFO]: [ca.spottedleaf.dataconverter.minecraft.datatypes.MCTypeRegistry] Initialising converters for DataConverter...
[17:16:08] [ServerMain/INFO]: [ca.spottedleaf.dataconverter.minecraft.datatypes.MCTypeRegistry] Finished initialising converters for DataConverter in 465.6ms
[17:16:08] [Server thread/INFO]: Starting minecraft server version 1.21.11
[17:16:08] [Server thread/INFO]: Loading properties
[17:16:08] [Server thread/INFO]: This server is running Paper version 1.21.11-132-ver/1.21.11@c5eb079 (2026-05-11T11:43:09Z) (Implementing API version 1.21.11-R0.1-SNAPSHOT)
[17:16:09] [Server thread/INFO]: [spark] This server bundles the spark profiler. For more information please visit https://docs.papermc.io/paper/profiling
[17:16:09] [Server thread/INFO]: Server Ping Player Sample Count: 12
[17:16:09] [Server thread/INFO]: Using 4 threads for Netty based IO
[17:16:09] [Server thread/INFO]: [MoonriseCommon] Paper is using 2 worker threads, 1 I/O threads
[17:16:10] [Server thread/INFO]: Default game type: SURVIVAL
[17:16:10] [Server thread/INFO]: Generating keypair
[17:16:10] [Server thread/INFO]: Starting Minecraft server on *:25565
[17:16:10] [Server thread/INFO]: Paper: Using libdeflate (Linux x86_64) compression from Velocity.
[17:16:10] [Server thread/INFO]: Paper: Using OpenSSL 3.x.x (Linux x86_64) cipher from Velocity.
[17:16:10] [Server thread/INFO]: [ObscureRTPQ] Loading server plugin ObscureRTPQ v1.21.11
[17:16:10] [Server thread/INFO]: Server permissions file permissions.yml is empty, ignoring it
[17:16:10] [Server thread/INFO]: Preparing level "world"
[17:16:10] [Server thread/INFO]: [ca.spottedleaf.moonrise.common.util.MoonriseConstants] NUMA enable flag is not set; however there is NUMA interaction support for this OS.
[17:16:10] [Server thread/INFO]: [ca.spottedleaf.moonrise.common.util.MoonriseConstants] Detected 1 NUMA nodes.
[17:16:11] [Server thread/INFO]: Loading 0 persistent chunks for world 'minecraft:overworld'...
[17:16:11] [Server thread/INFO]: Preparing spawn area: 100%
[17:16:11] [Server thread/INFO]: Prepared spawn area in 2 ms
[17:16:11] [Server thread/INFO]: Loading 0 persistent chunks for world 'minecraft:the_nether'...
[17:16:11] [Server thread/INFO]: Prepared spawn area in 0 ms
[17:16:11] [Server thread/INFO]: Loading 0 persistent chunks for world 'minecraft:the_end'...
[17:16:11] [Server thread/INFO]: Prepared spawn area in 1 ms
[17:16:11] [Server thread/INFO]: Done preparing level "world" (0.494s)
[17:16:11] [Server thread/INFO]: [ObscureRTPQ] Enabling ObscureRTPQ v1.21.11
[17:16:11] [Server thread/WARN]: [ObscureRTPQ] ObscureTeleport not found! Using standalone fallback generator.
[17:16:11] [Server thread/INFO]: [ObscureRTPQ] ObscureRTPQ extension fully initialized.
[17:16:11] [Server thread/INFO]: [spark] Starting background profiler...
[17:16:11] [Server thread/INFO]: Running delayed init tasks
[17:16:11] [Server thread/INFO]: Done (14.822s)! For help, type "help"
[17:16:12] [Paper Async Task Handler Thread - 1/WARN]: *************************************************************************************
[17:16:12] [Paper Async Task Handler Thread - 1/WARN]: You are running the latest build for your Minecraft version (1.21.11)
[17:16:12] [Paper Async Task Handler Thread - 1/WARN]: However, you are 2 release(s) behind the latest stable release (26.1.2)!
[17:16:12] [Paper Async Task Handler Thread - 1/WARN]: It is recommended that you update as soon as possible
[17:16:12] [Paper Async Task Handler Thread - 1/WARN]: https://papermc.io/downloads/paper
[17:16:12] [Paper Async Task Handler Thread - 1/WARN]: *************************************************************************************
[17:16:50] [User Authenticator #0/INFO]: UUID of player FemboyVastly is 6d1d3b13-f09c-4989-bf65-8500bf7a7f2e
[17:16:53] [Server thread/INFO]: FemboyVastly joined the game
[17:16:53] [Server thread/INFO]: FemboyVastly[/127.0.0.1:51984] logged in with entity id 97 at ([world]-429.1672660373857, 65.0, 229.782629863559)
[17:17:03] [Server thread/INFO]: FemboyVastly issued server command: /rtpq config
[17:17:26] [Server thread/INFO]: FemboyVastly has made the advancement [Monster Hunter]
[17:17:30] [Server thread/INFO]: FemboyVastly issued server command: /rtpq
[17:17:38] [Server thread/INFO]: FemboyVastly lost connection: Disconnected
[17:17:38] [Server thread/INFO]: FemboyVastly left the game
[17:18:15] [Server thread/INFO]: Stopping server
[17:18:15] [Server thread/INFO]: [ObscureRTPQ] Disabling ObscureRTPQ v1.21.11
[17:18:15] [Server thread/INFO]: [ObscureRTPQ] ObscureRTPQ has been shut down cleanly.
[17:18:15] [Server thread/INFO]: Saving players
[17:18:15] [Server thread/INFO]: Saving worlds
[17:18:15] [Server thread/INFO]: Saving chunks for level 'ServerLevel[world]'/minecraft:overworld
[17:18:15] [Server thread/INFO]: [ChunkHolderManager] Waiting 60s for chunk system to halt for world 'world'
[17:18:15] [Server thread/INFO]: [ChunkHolderManager] Halted chunk system for world 'world'
[17:18:15] [Server thread/INFO]: [ChunkHolderManager] Saving all chunkholders for world 'world'
[17:18:15] [Server thread/INFO]: [ChunkHolderManager] Saved 0 block chunks, 0 entity chunks, 0 poi chunks in world 'world' in 0.02s
[17:18:15] [Server thread/INFO]: [ChunkHolderManager] Waiting 60s for chunk I/O to halt for world 'world'
[17:18:15] [Server thread/INFO]: [ChunkHolderManager] Halted I/O scheduler for world 'world'
[17:18:15] [Server thread/INFO]: Saving chunks for level 'ServerLevel[world_nether]'/minecraft:the_nether
[17:18:15] [Server thread/INFO]: [ChunkHolderManager] Waiting 60s for chunk system to halt for world 'world_nether'
[17:18:15] [Server thread/INFO]: [ChunkHolderManager] Halted chunk system for world 'world_nether'
[17:18:15] [Server thread/INFO]: [ChunkHolderManager] Saving all chunkholders for world 'world_nether'
[17:18:15] [Server thread/INFO]: [ChunkHolderManager] Saved 0 block chunks, 0 entity chunks, 0 poi chunks in world 'world_nether' in 0.00s
[17:18:15] [Server thread/INFO]: [ChunkHolderManager] Waiting 60s for chunk I/O to halt for world 'world_nether'
[17:18:15] [Server thread/INFO]: [ChunkHolderManager] Halted I/O scheduler for world 'world_nether'
[17:18:15] [Server thread/INFO]: Saving chunks for level 'ServerLevel[world_the_end]'/minecraft:the_end
[17:18:15] [Server thread/INFO]: [ChunkHolderManager] Waiting 60s for chunk system to halt for world 'world_the_end'
[17:18:15] [Server thread/INFO]: [ChunkHolderManager] Halted chunk system for world 'world_the_end'
[17:18:15] [Server thread/INFO]: [ChunkHolderManager] Saving all chunkholders for world 'world_the_end'
[17:18:15] [Server thread/INFO]: [ChunkHolderManager] Saved 0 block chunks, 0 entity chunks, 0 poi chunks in world 'world_the_end' in 0.00s
[17:18:15] [Server thread/INFO]: [ChunkHolderManager] Waiting 60s for chunk I/O to halt for world 'world_the_end'
[17:18:15] [Server thread/INFO]: [ChunkHolderManager] Halted I/O scheduler for world 'world_the_end'
[17:18:15] [Server thread/INFO]: ThreadedAnvilChunkStorage (world): All chunks are saved
[17:18:15] [Server thread/INFO]: ThreadedAnvilChunkStorage (DIM-1): All chunks are saved
[17:18:15] [Server thread/INFO]: ThreadedAnvilChunkStorage (DIM1): All chunks are saved
[17:18:15] [Server thread/INFO]: ThreadedAnvilChunkStorage: All dimensions are saved
[17:18:15] [Server thread/INFO]: Waiting for all RegionFile I/O tasks to complete...
[17:18:15] [Server thread/INFO]: All RegionFile I/O tasks to complete
[17:18:15] [Server thread/INFO]: [MoonriseCommon] Awaiting termination of worker pool for up to 60s...
[17:18:15] [Server thread/INFO]: [MoonriseCommon] Awaiting termination of I/O pool for up to 60s...
